[07-Nov-2025 14:51:41 UTC] WordPress database error Table 'local.wp_xyz_ips_short_code' doesn't exist for query SELECT * FROM wp_xyz_ips_short_code WHERE insertionMethod = 1 AND status = 1 made by activate_plugin, plugin_sandbox_scrape, include_once('/plugins/insert-php-code-snippet/insert-php-code-snippet.php'), require('/plugins/insert-php-code-snippet/shortcode-handler.php')
[09-Jan-2026 00:58:06 UTC] WordPress database error Table 'local.wp_xyz_ips_short_code' doesn't exist for query SELECT * FROM wp_xyz_ips_short_code WHERE insertionMethod = 1 AND status = 1 made by activate_plugin, plugin_sandbox_scrape, include_once('/plugins/insert-php-code-snippet/insert-php-code-snippet.php'), require('/plugins/insert-php-code-snippet/shortcode-handler.php')
[09-Jan-2026 11:41:15 UTC] PHP Warning:  Attempt to read property "ID" on null in /home/luca/Desktop/Projects/gestione-prospetti-laurea/snippets/app/public/wp-content/plugins/insert-php-code-snippet/xyz-functions.php on line 135
[09-Jan-2026 11:41:21 UTC] PHP Warning:  Attempt to read property "ID" on null in /home/luca/Desktop/Projects/gestione-prospetti-laurea/snippets/app/public/wp-content/plugins/insert-php-code-snippet/xyz-functions.php on line 135
[09-Jan-2026 11:41:22 UTC] PHP Warning:  require_once(/home/luca/Desktop/Projects/gestione-prospetti-laurea/snippets/app/public//public/gestione-prospetti-laurea/bootstrap.php): Failed to open stream: No such file or directory in /home/luca/Desktop/Projects/gestione-prospetti-laurea/snippets/app/public/wp-content/plugins/insert-php-code-snippet/shortcode-handler.php(101) : eval()'d code on line 3
[09-Jan-2026 11:41:50 UTC] PHP Warning:  Attempt to read property "ID" on null in /home/luca/Desktop/Projects/gestione-prospetti-laurea/snippets/app/public/wp-content/plugins/insert-php-code-snippet/xyz-functions.php on line 135
[09-Jan-2026 11:42:03 UTC] PHP Warning:  require_once(/home/luca/Desktop/Projects/gestione-prospetti-laurea/snippets/app/public//gestione-prospetti-laurea/bootstrap.php): Failed to open stream: No such file or directory in /home/luca/Desktop/Projects/gestione-prospetti-laurea/snippets/app/public/wp-content/plugins/insert-php-code-snippet/shortcode-handler.php(101) : eval()'d code on line 3
[09-Jan-2026 11:42:10 UTC] PHP Warning:  require_once(/home/luca/Desktop/Projects/gestione-prospetti-laurea/snippets/app/public/gestione-prospetti-laurea/bootstrap.php): Failed to open stream: No such file or directory in /home/luca/Desktop/Projects/gestione-prospetti-laurea/snippets/app/public/wp-content/plugins/insert-php-code-snippet/shortcode-handler.php(101) : eval()'d code on line 3
[09-Jan-2026 11:43:55 UTC] PHP Warning:  Attempt to read property "ID" on null in /home/luca/Desktop/Projects/gestione-prospetti-laurea/snippets/app/public/wp-content/plugins/insert-php-code-snippet/xyz-functions.php on line 135
[09-Jan-2026 11:44:13 UTC] PHP Warning:  Attempt to read property "ID" on null in /home/luca/Desktop/Projects/gestione-prospetti-laurea/snippets/app/public/wp-content/plugins/insert-php-code-snippet/xyz-functions.php on line 135
[09-Jan-2026 11:45:18 UTC] PHP Warning:  Attempt to read property "ID" on null in /home/luca/Desktop/Projects/gestione-prospetti-laurea/snippets/app/public/wp-content/plugins/insert-php-code-snippet/xyz-functions.php on line 135
[09-Jan-2026 11:45:36 UTC] PHP Warning:  Attempt to read property "ID" on null in /home/luca/Desktop/Projects/gestione-prospetti-laurea/snippets/app/public/wp-content/plugins/insert-php-code-snippet/xyz-functions.php on line 135
[09-Jan-2026 11:46:54 UTC] PHP Warning:  Attempt to read property "ID" on null in /home/luca/Desktop/Projects/gestione-prospetti-laurea/snippets/app/public/wp-content/plugins/insert-php-code-snippet/xyz-functions.php on line 135
[09-Jan-2026 11:47:33 UTC] PHP Warning:  Attempt to read property "ID" on null in /home/luca/Desktop/Projects/gestione-prospetti-laurea/snippets/app/public/wp-content/plugins/insert-php-code-snippet/xyz-functions.php on line 135
[09-Jan-2026 12:05:16 UTC] PHP Warning:  Attempt to read property "ID" on null in /home/luca/Desktop/Projects/gestione-prospetti-laurea/snippets/app/public/wp-content/plugins/insert-php-code-snippet/xyz-functions.php on line 135
[09-Jan-2026 12:05:33 UTC] PHP Warning:  Attempt to read property "ID" on null in /home/luca/Desktop/Projects/gestione-prospetti-laurea/snippets/app/public/wp-content/plugins/insert-php-code-snippet/xyz-functions.php on line 135
[09-Jan-2026 12:12:25 UTC] PHP Warning:  Undefined variable $corso_di_laurea in /home/luca/Desktop/Projects/gestione-prospetti-laurea/snippets/app/public/gestione-prospetti-laurea/views/user.php on line 26
[09-Jan-2026 12:12:25 UTC] PHP Warning:  Undefined variable $nomi_corsi in /home/luca/Desktop/Projects/gestione-prospetti-laurea/snippets/app/public/gestione-prospetti-laurea/views/user.php on line 31
[09-Jan-2026 12:12:25 UTC] PHP Warning:  foreach() argument must be of type array|object, null given in /home/luca/Desktop/Projects/gestione-prospetti-laurea/snippets/app/public/gestione-prospetti-laurea/views/user.php on line 31
[09-Jan-2026 12:12:25 UTC] PHP Warning:  Undefined variable $data in /home/luca/Desktop/Projects/gestione-prospetti-laurea/snippets/app/public/gestione-prospetti-laurea/views/user.php on line 48
[09-Jan-2026 12:12:25 UTC] PHP Warning:  Undefined variable $matricole in /home/luca/Desktop/Projects/gestione-prospetti-laurea/snippets/app/public/gestione-prospetti-laurea/views/user.php on line 66
[09-Jan-2026 12:15:55 UTC] PHP Warning:  Undefined variable $corso_di_laurea in /home/luca/Desktop/Projects/gestione-prospetti-laurea/snippets/app/public/gestione-prospetti-laurea/views/user.php on line 26
[09-Jan-2026 12:15:55 UTC] PHP Warning:  Undefined variable $nomi_corsi in /home/luca/Desktop/Projects/gestione-prospetti-laurea/snippets/app/public/gestione-prospetti-laurea/views/user.php on line 31
[09-Jan-2026 12:15:55 UTC] PHP Warning:  foreach() argument must be of type array|object, null given in /home/luca/Desktop/Projects/gestione-prospetti-laurea/snippets/app/public/gestione-prospetti-laurea/views/user.php on line 31
[09-Jan-2026 12:15:55 UTC] PHP Warning:  Undefined variable $data in /home/luca/Desktop/Projects/gestione-prospetti-laurea/snippets/app/public/gestione-prospetti-laurea/views/user.php on line 48
[09-Jan-2026 12:15:55 UTC] PHP Warning:  Undefined variable $matricole in /home/luca/Desktop/Projects/gestione-prospetti-laurea/snippets/app/public/gestione-prospetti-laurea/views/user.php on line 66
[09-Jan-2026 12:16:02 UTC] PHP Warning:  Undefined variable $corso_di_laurea in /home/luca/Desktop/Projects/gestione-prospetti-laurea/snippets/app/public/gestione-prospetti-laurea/views/user.php on line 26
[09-Jan-2026 12:16:02 UTC] PHP Warning:  Undefined variable $nomi_corsi in /home/luca/Desktop/Projects/gestione-prospetti-laurea/snippets/app/public/gestione-prospetti-laurea/views/user.php on line 31
[09-Jan-2026 12:16:02 UTC] PHP Warning:  foreach() argument must be of type array|object, null given in /home/luca/Desktop/Projects/gestione-prospetti-laurea/snippets/app/public/gestione-prospetti-laurea/views/user.php on line 31
[09-Jan-2026 12:16:02 UTC] PHP Warning:  Undefined variable $data in /home/luca/Desktop/Projects/gestione-prospetti-laurea/snippets/app/public/gestione-prospetti-laurea/views/user.php on line 48
[09-Jan-2026 12:16:02 UTC] PHP Warning:  Undefined variable $matricole in /home/luca/Desktop/Projects/gestione-prospetti-laurea/snippets/app/public/gestione-prospetti-laurea/views/user.php on line 66
[09-Jan-2026 12:17:11 UTC] PHP Warning:  Undefined variable $corso_di_laurea in /home/luca/Desktop/Projects/gestione-prospetti-laurea/snippets/app/public/gestione-prospetti-laurea/views/user.php on line 26
[09-Jan-2026 12:17:11 UTC] PHP Warning:  Undefined variable $nomi_corsi in /home/luca/Desktop/Projects/gestione-prospetti-laurea/snippets/app/public/gestione-prospetti-laurea/views/user.php on line 31
[09-Jan-2026 12:17:11 UTC] PHP Warning:  foreach() argument must be of type array|object, null given in /home/luca/Desktop/Projects/gestione-prospetti-laurea/snippets/app/public/gestione-prospetti-laurea/views/user.php on line 31
[09-Jan-2026 12:17:11 UTC] PHP Warning:  Undefined variable $data in /home/luca/Desktop/Projects/gestione-prospetti-laurea/snippets/app/public/gestione-prospetti-laurea/views/user.php on line 48
[09-Jan-2026 12:17:11 UTC] PHP Warning:  Undefined variable $matricole in /home/luca/Desktop/Projects/gestione-prospetti-laurea/snippets/app/public/gestione-prospetti-laurea/views/user.php on line 66
[09-Jan-2026 12:17:12 UTC] PHP Warning:  Undefined variable $corso_di_laurea in /home/luca/Desktop/Projects/gestione-prospetti-laurea/snippets/app/public/gestione-prospetti-laurea/views/user.php on line 26
[09-Jan-2026 12:17:12 UTC] PHP Warning:  Undefined variable $nomi_corsi in /home/luca/Desktop/Projects/gestione-prospetti-laurea/snippets/app/public/gestione-prospetti-laurea/views/user.php on line 31
[09-Jan-2026 12:17:12 UTC] PHP Warning:  foreach() argument must be of type array|object, null given in /home/luca/Desktop/Projects/gestione-prospetti-laurea/snippets/app/public/gestione-prospetti-laurea/views/user.php on line 31
[09-Jan-2026 12:17:12 UTC] PHP Warning:  Undefined variable $data in /home/luca/Desktop/Projects/gestione-prospetti-laurea/snippets/app/public/gestione-prospetti-laurea/views/user.php on line 48
[09-Jan-2026 12:17:12 UTC] PHP Warning:  Undefined variable $matricole in /home/luca/Desktop/Projects/gestione-prospetti-laurea/snippets/app/public/gestione-prospetti-laurea/views/user.php on line 66
[09-Jan-2026 12:17:12 UTC] PHP Warning:  Undefined variable $corso_di_laurea in /home/luca/Desktop/Projects/gestione-prospetti-laurea/snippets/app/public/gestione-prospetti-laurea/views/user.php on line 26
[09-Jan-2026 12:17:12 UTC] PHP Warning:  Undefined variable $nomi_corsi in /home/luca/Desktop/Projects/gestione-prospetti-laurea/snippets/app/public/gestione-prospetti-laurea/views/user.php on line 31
[09-Jan-2026 12:17:12 UTC] PHP Warning:  foreach() argument must be of type array|object, null given in /home/luca/Desktop/Projects/gestione-prospetti-laurea/snippets/app/public/gestione-prospetti-laurea/views/user.php on line 31
[09-Jan-2026 12:17:12 UTC] PHP Warning:  Undefined variable $data in /home/luca/Desktop/Projects/gestione-prospetti-laurea/snippets/app/public/gestione-prospetti-laurea/views/user.php on line 48
[09-Jan-2026 12:17:12 UTC] PHP Warning:  Undefined variable $matricole in /home/luca/Desktop/Projects/gestione-prospetti-laurea/snippets/app/public/gestione-prospetti-laurea/views/user.php on line 66
[09-Jan-2026 12:17:17 UTC] PHP Warning:  Undefined variable $corso_di_laurea in /home/luca/Desktop/Projects/gestione-prospetti-laurea/snippets/app/public/gestione-prospetti-laurea/views/user.php on line 26
[09-Jan-2026 12:17:17 UTC] PHP Warning:  Undefined variable $nomi_corsi in /home/luca/Desktop/Projects/gestione-prospetti-laurea/snippets/app/public/gestione-prospetti-laurea/views/user.php on line 31
[09-Jan-2026 12:17:17 UTC] PHP Warning:  foreach() argument must be of type array|object, null given in /home/luca/Desktop/Projects/gestione-prospetti-laurea/snippets/app/public/gestione-prospetti-laurea/views/user.php on line 31
[09-Jan-2026 12:17:17 UTC] PHP Warning:  Undefined variable $data in /home/luca/Desktop/Projects/gestione-prospetti-laurea/snippets/app/public/gestione-prospetti-laurea/views/user.php on line 48
[09-Jan-2026 12:17:17 UTC] PHP Warning:  Undefined variable $matricole in /home/luca/Desktop/Projects/gestione-prospetti-laurea/snippets/app/public/gestione-prospetti-laurea/views/user.php on line 66
[09-Jan-2026 12:20:05 UTC] PHP Warning:  Undefined variable $corso_di_laurea in /home/luca/Desktop/Projects/gestione-prospetti-laurea/snippets/app/public/gestione-prospetti-laurea/views/user.php on line 26
[09-Jan-2026 12:20:05 UTC] PHP Warning:  Undefined variable $nomi_corsi in /home/luca/Desktop/Projects/gestione-prospetti-laurea/snippets/app/public/gestione-prospetti-laurea/views/user.php on line 31
[09-Jan-2026 12:20:05 UTC] PHP Warning:  foreach() argument must be of type array|object, null given in /home/luca/Desktop/Projects/gestione-prospetti-laurea/snippets/app/public/gestione-prospetti-laurea/views/user.php on line 31
[09-Jan-2026 12:20:05 UTC] PHP Warning:  Undefined variable $data in /home/luca/Desktop/Projects/gestione-prospetti-laurea/snippets/app/public/gestione-prospetti-laurea/views/user.php on line 48
[09-Jan-2026 12:20:05 UTC] PHP Warning:  Undefined variable $matricole in /home/luca/Desktop/Projects/gestione-prospetti-laurea/snippets/app/public/gestione-prospetti-laurea/views/user.php on line 66
[09-Jan-2026 12:20:13 UTC] PHP Warning:  Undefined variable $corso_di_laurea in /home/luca/Desktop/Projects/gestione-prospetti-laurea/snippets/app/public/gestione-prospetti-laurea/views/user.php on line 26
[09-Jan-2026 12:20:13 UTC] PHP Warning:  Undefined variable $nomi_corsi in /home/luca/Desktop/Projects/gestione-prospetti-laurea/snippets/app/public/gestione-prospetti-laurea/views/user.php on line 31
[09-Jan-2026 12:20:13 UTC] PHP Warning:  foreach() argument must be of type array|object, null given in /home/luca/Desktop/Projects/gestione-prospetti-laurea/snippets/app/public/gestione-prospetti-laurea/views/user.php on line 31
[09-Jan-2026 12:20:13 UTC] PHP Warning:  Undefined variable $data in /home/luca/Desktop/Projects/gestione-prospetti-laurea/snippets/app/public/gestione-prospetti-laurea/views/user.php on line 48
[09-Jan-2026 12:20:13 UTC] PHP Warning:  Undefined variable $matricole in /home/luca/Desktop/Projects/gestione-prospetti-laurea/snippets/app/public/gestione-prospetti-laurea/views/user.php on line 66
[09-Jan-2026 12:20:17 UTC] PHP Warning:  Undefined variable $corso_di_laurea in /home/luca/Desktop/Projects/gestione-prospetti-laurea/snippets/app/public/gestione-prospetti-laurea/views/user.php on line 26
[09-Jan-2026 12:20:17 UTC] PHP Warning:  Undefined variable $nomi_corsi in /home/luca/Desktop/Projects/gestione-prospetti-laurea/snippets/app/public/gestione-prospetti-laurea/views/user.php on line 31
[09-Jan-2026 12:20:17 UTC] PHP Warning:  foreach() argument must be of type array|object, null given in /home/luca/Desktop/Projects/gestione-prospetti-laurea/snippets/app/public/gestione-prospetti-laurea/views/user.php on line 31
[09-Jan-2026 12:20:17 UTC] PHP Warning:  Undefined variable $data in /home/luca/Desktop/Projects/gestione-prospetti-laurea/snippets/app/public/gestione-prospetti-laurea/views/user.php on line 48
[09-Jan-2026 12:20:17 UTC] PHP Warning:  Undefined variable $matricole in /home/luca/Desktop/Projects/gestione-prospetti-laurea/snippets/app/public/gestione-prospetti-laurea/views/user.php on line 66
[09-Jan-2026 12:20:18 UTC] PHP Warning:  Undefined variable $corso_di_laurea in /home/luca/Desktop/Projects/gestione-prospetti-laurea/snippets/app/public/gestione-prospetti-laurea/views/user.php on line 26
[09-Jan-2026 12:20:18 UTC] PHP Warning:  Undefined variable $nomi_corsi in /home/luca/Desktop/Projects/gestione-prospetti-laurea/snippets/app/public/gestione-prospetti-laurea/views/user.php on line 31
[09-Jan-2026 12:20:18 UTC] PHP Warning:  foreach() argument must be of type array|object, null given in /home/luca/Desktop/Projects/gestione-prospetti-laurea/snippets/app/public/gestione-prospetti-laurea/views/user.php on line 31
[09-Jan-2026 12:20:18 UTC] PHP Warning:  Undefined variable $data in /home/luca/Desktop/Projects/gestione-prospetti-laurea/snippets/app/public/gestione-prospetti-laurea/views/user.php on line 48
[09-Jan-2026 12:20:18 UTC] PHP Warning:  Undefined variable $matricole in /home/luca/Desktop/Projects/gestione-prospetti-laurea/snippets/app/public/gestione-prospetti-laurea/views/user.php on line 66
[09-Jan-2026 12:20:21 UTC] PHP Warning:  Undefined variable $corso_di_laurea in /home/luca/Desktop/Projects/gestione-prospetti-laurea/snippets/app/public/gestione-prospetti-laurea/views/user.php on line 26
[09-Jan-2026 12:20:21 UTC] PHP Warning:  Undefined variable $nomi_corsi in /home/luca/Desktop/Projects/gestione-prospetti-laurea/snippets/app/public/gestione-prospetti-laurea/views/user.php on line 31
[09-Jan-2026 12:20:21 UTC] PHP Warning:  foreach() argument must be of type array|object, null given in /home/luca/Desktop/Projects/gestione-prospetti-laurea/snippets/app/public/gestione-prospetti-laurea/views/user.php on line 31
[09-Jan-2026 12:20:21 UTC] PHP Warning:  Undefined variable $data in /home/luca/Desktop/Projects/gestione-prospetti-laurea/snippets/app/public/gestione-prospetti-laurea/views/user.php on line 48
[09-Jan-2026 12:20:21 UTC] PHP Warning:  Undefined variable $matricole in /home/luca/Desktop/Projects/gestione-prospetti-laurea/snippets/app/public/gestione-prospetti-laurea/views/user.php on line 66
[09-Jan-2026 12:20:27 UTC] PHP Warning:  Undefined variable $corso_di_laurea in /home/luca/Desktop/Projects/gestione-prospetti-laurea/snippets/app/public/gestione-prospetti-laurea/views/user.php on line 26
[09-Jan-2026 12:20:27 UTC] PHP Warning:  Undefined variable $nomi_corsi in /home/luca/Desktop/Projects/gestione-prospetti-laurea/snippets/app/public/gestione-prospetti-laurea/views/user.php on line 31
[09-Jan-2026 12:20:27 UTC] PHP Warning:  foreach() argument must be of type array|object, null given in /home/luca/Desktop/Projects/gestione-prospetti-laurea/snippets/app/public/gestione-prospetti-laurea/views/user.php on line 31
[09-Jan-2026 12:20:27 UTC] PHP Warning:  Undefined variable $data in /home/luca/Desktop/Projects/gestione-prospetti-laurea/snippets/app/public/gestione-prospetti-laurea/views/user.php on line 48
[09-Jan-2026 12:20:27 UTC] PHP Warning:  Undefined variable $matricole in /home/luca/Desktop/Projects/gestione-prospetti-laurea/snippets/app/public/gestione-prospetti-laurea/views/user.php on line 66
[09-Jan-2026 12:21:13 UTC] PHP Warning:  Undefined variable $corso_di_laurea in /home/luca/Desktop/Projects/gestione-prospetti-laurea/snippets/app/public/gestione-prospetti-laurea/views/user.php on line 26
[09-Jan-2026 12:21:13 UTC] PHP Warning:  Undefined variable $nomi_corsi in /home/luca/Desktop/Projects/gestione-prospetti-laurea/snippets/app/public/gestione-prospetti-laurea/views/user.php on line 31
[09-Jan-2026 12:21:13 UTC] PHP Warning:  foreach() argument must be of type array|object, null given in /home/luca/Desktop/Projects/gestione-prospetti-laurea/snippets/app/public/gestione-prospetti-laurea/views/user.php on line 31
[09-Jan-2026 12:21:13 UTC] PHP Warning:  Undefined variable $data in /home/luca/Desktop/Projects/gestione-prospetti-laurea/snippets/app/public/gestione-prospetti-laurea/views/user.php on line 48
[09-Jan-2026 12:21:13 UTC] PHP Warning:  Undefined variable $matricole in /home/luca/Desktop/Projects/gestione-prospetti-laurea/snippets/app/public/gestione-prospetti-laurea/views/user.php on line 66
[09-Jan-2026 12:21:18 UTC] PHP Warning:  Undefined variable $corso_di_laurea in /home/luca/Desktop/Projects/gestione-prospetti-laurea/snippets/app/public/gestione-prospetti-laurea/views/user.php on line 26
[09-Jan-2026 12:21:18 UTC] PHP Warning:  Undefined variable $nomi_corsi in /home/luca/Desktop/Projects/gestione-prospetti-laurea/snippets/app/public/gestione-prospetti-laurea/views/user.php on line 31
[09-Jan-2026 12:21:18 UTC] PHP Warning:  foreach() argument must be of type array|object, null given in /home/luca/Desktop/Projects/gestione-prospetti-laurea/snippets/app/public/gestione-prospetti-laurea/views/user.php on line 31
[09-Jan-2026 12:21:18 UTC] PHP Warning:  Undefined variable $data in /home/luca/Desktop/Projects/gestione-prospetti-laurea/snippets/app/public/gestione-prospetti-laurea/views/user.php on line 48
[09-Jan-2026 12:21:18 UTC] PHP Warning:  Undefined variable $matricole in /home/luca/Desktop/Projects/gestione-prospetti-laurea/snippets/app/public/gestione-prospetti-laurea/views/user.php on line 66
[09-Jan-2026 12:38:09 UTC] PHP Warning:  Cannot modify header information - headers already sent by (output started at /home/luca/Desktop/Projects/gestione-prospetti-laurea/snippets/app/public/wp-includes/class-wp-styles.php:208) in /home/luca/Desktop/Projects/gestione-prospetti-laurea/snippets/app/public/gestione-prospetti-laurea/classes/services/VisualizzaProspetti.php on line 34
[09-Jan-2026 12:38:09 UTC] PHP Warning:  Cannot modify header information - headers already sent by (output started at /home/luca/Desktop/Projects/gestione-prospetti-laurea/snippets/app/public/wp-includes/class-wp-styles.php:208) in /home/luca/Desktop/Projects/gestione-prospetti-laurea/snippets/app/public/gestione-prospetti-laurea/classes/services/VisualizzaProspetti.php on line 35
[09-Jan-2026 12:38:38 UTC] PHP Warning:  Cannot modify header information - headers already sent by (output started at /home/luca/Desktop/Projects/gestione-prospetti-laurea/snippets/app/public/wp-includes/class-wp-styles.php:208) in /home/luca/Desktop/Projects/gestione-prospetti-laurea/snippets/app/public/gestione-prospetti-laurea/classes/services/VisualizzaProspetti.php on line 34
[09-Jan-2026 12:38:38 UTC] PHP Warning:  Cannot modify header information - headers already sent by (output started at /home/luca/Desktop/Projects/gestione-prospetti-laurea/snippets/app/public/wp-includes/class-wp-styles.php:208) in /home/luca/Desktop/Projects/gestione-prospetti-laurea/snippets/app/public/gestione-prospetti-laurea/classes/services/VisualizzaProspetti.php on line 35
[09-Jan-2026 12:53:35 UTC] PHP Warning:  Undefined variable $path_url in /home/luca/Desktop/Projects/gestione-prospetti-laurea/snippets/app/public/gestione-prospetti-laurea/classes/services/VisualizzaProspetti.php on line 35
[09-Jan-2026 13:59:56 UTC] PHP Warning:  Attempt to read property "ID" on null in /home/luca/Desktop/Projects/gestione-prospetti-laurea/snippets/app/public/wp-content/plugins/insert-php-code-snippet/xyz-functions.php on line 135
[09-Jan-2026 14:00:01 UTC] PHP Warning:  Attempt to read property "ID" on null in /home/luca/Desktop/Projects/gestione-prospetti-laurea/snippets/app/public/wp-content/plugins/insert-php-code-snippet/xyz-functions.php on line 135
[09-Jan-2026 14:00:28 UTC] PHP Warning:  Attempt to read property "ID" on null in /home/luca/Desktop/Projects/gestione-prospetti-laurea/snippets/app/public/wp-content/plugins/insert-php-code-snippet/xyz-functions.php on line 135
[09-Jan-2026 14:00:28 UTC] PHP Warning:  Attempt to read property "ID" on null in /home/luca/Desktop/Projects/gestione-prospetti-laurea/snippets/app/public/wp-content/plugins/insert-php-code-snippet/xyz-functions.php on line 135
[09-Jan-2026 14:00:34 UTC] PHP Warning:  Attempt to read property "ID" on null in /home/luca/Desktop/Projects/gestione-prospetti-laurea/snippets/app/public/wp-content/plugins/insert-php-code-snippet/xyz-functions.php on line 135
[09-Jan-2026 14:00:34 UTC] PHP Warning:  Attempt to read property "ID" on null in /home/luca/Desktop/Projects/gestione-prospetti-laurea/snippets/app/public/wp-content/plugins/insert-php-code-snippet/xyz-functions.php on line 135
[09-Jan-2026 14:00:55 UTC] PHP Warning:  Attempt to read property "ID" on null in /home/luca/Desktop/Projects/gestione-prospetti-laurea/snippets/app/public/wp-content/plugins/insert-php-code-snippet/xyz-functions.php on line 135
[09-Jan-2026 14:00:55 UTC] PHP Warning:  Attempt to read property "ID" on null in /home/luca/Desktop/Projects/gestione-prospetti-laurea/snippets/app/public/wp-content/plugins/insert-php-code-snippet/xyz-functions.php on line 135
[09-Jan-2026 14:01:03 UTC] PHP Warning:  Attempt to read property "ID" on null in /home/luca/Desktop/Projects/gestione-prospetti-laurea/snippets/app/public/wp-content/plugins/insert-php-code-snippet/xyz-functions.php on line 135
[09-Jan-2026 14:01:03 UTC] PHP Warning:  Attempt to read property "ID" on null in /home/luca/Desktop/Projects/gestione-prospetti-laurea/snippets/app/public/wp-content/plugins/insert-php-code-snippet/xyz-functions.php on line 135
[09-Jan-2026 14:01:57 UTC] PHP Warning:  Attempt to read property "ID" on null in /home/luca/Desktop/Projects/gestione-prospetti-laurea/snippets/app/public/wp-content/plugins/insert-php-code-snippet/xyz-functions.php on line 135
[09-Jan-2026 14:01:57 UTC] PHP Warning:  Attempt to read property "ID" on null in /home/luca/Desktop/Projects/gestione-prospetti-laurea/snippets/app/public/wp-content/plugins/insert-php-code-snippet/xyz-functions.php on line 135
[09-Jan-2026 14:02:12 UTC] PHP Warning:  Attempt to read property "ID" on null in /home/luca/Desktop/Projects/gestione-prospetti-laurea/snippets/app/public/wp-content/plugins/insert-php-code-snippet/xyz-functions.php on line 135
[09-Jan-2026 14:02:12 UTC] PHP Warning:  Attempt to read property "ID" on null in /home/luca/Desktop/Projects/gestione-prospetti-laurea/snippets/app/public/wp-content/plugins/insert-php-code-snippet/xyz-functions.php on line 135
[09-Jan-2026 14:02:21 UTC] PHP Warning:  Attempt to read property "ID" on null in /home/luca/Desktop/Projects/gestione-prospetti-laurea/snippets/app/public/wp-content/plugins/insert-php-code-snippet/xyz-functions.php on line 135
[09-Jan-2026 14:02:21 UTC] PHP Warning:  Attempt to read property "ID" on null in /home/luca/Desktop/Projects/gestione-prospetti-laurea/snippets/app/public/wp-content/plugins/insert-php-code-snippet/xyz-functions.php on line 135
[09-Jan-2026 14:02:22 UTC] PHP Warning:  Attempt to read property "ID" on null in /home/luca/Desktop/Projects/gestione-prospetti-laurea/snippets/app/public/wp-content/plugins/insert-php-code-snippet/xyz-functions.php on line 135
[09-Jan-2026 14:02:22 UTC] PHP Warning:  Attempt to read property "ID" on null in /home/luca/Desktop/Projects/gestione-prospetti-laurea/snippets/app/public/wp-content/plugins/insert-php-code-snippet/xyz-functions.php on line 135
[09-Jan-2026 14:02:44 UTC] PHP Warning:  Attempt to read property "ID" on null in /home/luca/Desktop/Projects/gestione-prospetti-laurea/snippets/app/public/wp-content/plugins/insert-php-code-snippet/xyz-functions.php on line 135
[09-Jan-2026 14:02:44 UTC] PHP Warning:  Attempt to read property "ID" on null in /home/luca/Desktop/Projects/gestione-prospetti-laurea/snippets/app/public/wp-content/plugins/insert-php-code-snippet/xyz-functions.php on line 135
[09-Jan-2026 14:04:05 UTC] PHP Warning:  Attempt to read property "ID" on null in /home/luca/Desktop/Projects/gestione-prospetti-laurea/snippets/app/public/wp-content/plugins/insert-php-code-snippet/xyz-functions.php on line 135
[09-Jan-2026 14:04:05 UTC] PHP Warning:  Attempt to read property "ID" on null in /home/luca/Desktop/Projects/gestione-prospetti-laurea/snippets/app/public/wp-content/plugins/insert-php-code-snippet/xyz-functions.php on line 135
[09-Jan-2026 14:04:06 UTC] PHP Warning:  Attempt to read property "ID" on null in /home/luca/Desktop/Projects/gestione-prospetti-laurea/snippets/app/public/wp-content/plugins/insert-php-code-snippet/xyz-functions.php on line 135
[09-Jan-2026 14:04:06 UTC] PHP Warning:  Attempt to read property "ID" on null in /home/luca/Desktop/Projects/gestione-prospetti-laurea/snippets/app/public/wp-content/plugins/insert-php-code-snippet/xyz-functions.php on line 135
[09-Jan-2026 14:06:09 UTC] PHP Warning:  Attempt to read property "ID" on null in /home/luca/Desktop/Projects/gestione-prospetti-laurea/snippets/app/public/wp-content/plugins/insert-php-code-snippet/xyz-functions.php on line 135
[09-Jan-2026 14:06:09 UTC] PHP Warning:  Attempt to read property "ID" on null in /home/luca/Desktop/Projects/gestione-prospetti-laurea/snippets/app/public/wp-content/plugins/insert-php-code-snippet/xyz-functions.php on line 135
[09-Jan-2026 14:06:13 UTC] PHP Warning:  Attempt to read property "ID" on null in /home/luca/Desktop/Projects/gestione-prospetti-laurea/snippets/app/public/wp-content/plugins/insert-php-code-snippet/xyz-functions.php on line 135
[09-Jan-2026 14:23:03 UTC] PHP Warning:  Attempt to read property "ID" on null in /home/luca/Desktop/Projects/gestione-prospetti-laurea/snippets/app/public/wp-content/plugins/insert-php-code-snippet/xyz-functions.php on line 135
[09-Jan-2026 15:22:28 UTC] PHP Warning:  Undefined variable $corso in /home/luca/Desktop/Projects/gestione-prospetti-laurea/snippets/app/public/gestione-prospetti-laurea/views/user.php on line 24
[09-Jan-2026 15:22:28 UTC] PHP Warning:  Attempt to read property "nome" on null in /home/luca/Desktop/Projects/gestione-prospetti-laurea/snippets/app/public/gestione-prospetti-laurea/views/user.php on line 24
[09-Jan-2026 15:22:28 UTC] PHP Warning:  Undefined variable $corso in /home/luca/Desktop/Projects/gestione-prospetti-laurea/snippets/app/public/gestione-prospetti-laurea/views/user.php on line 24
[09-Jan-2026 15:22:28 UTC] PHP Warning:  Attempt to read property "nome-corto" on null in /home/luca/Desktop/Projects/gestione-prospetti-laurea/snippets/app/public/gestione-prospetti-laurea/views/user.php on line 24
[09-Jan-2026 15:22:28 UTC] PHP Warning:  Undefined variable $corso in /home/luca/Desktop/Projects/gestione-prospetti-laurea/snippets/app/public/gestione-prospetti-laurea/views/user.php on line 24
[09-Jan-2026 15:22:28 UTC] PHP Warning:  Attempt to read property "nome" on null in /home/luca/Desktop/Projects/gestione-prospetti-laurea/snippets/app/public/gestione-prospetti-laurea/views/user.php on line 24
[09-Jan-2026 15:22:28 UTC] PHP Warning:  Undefined variable $corso in /home/luca/Desktop/Projects/gestione-prospetti-laurea/snippets/app/public/gestione-prospetti-laurea/views/user.php on line 24
[09-Jan-2026 15:22:28 UTC] PHP Warning:  Attempt to read property "nome-corto" on null in /home/luca/Desktop/Projects/gestione-prospetti-laurea/snippets/app/public/gestione-prospetti-laurea/views/user.php on line 24
[09-Jan-2026 15:22:28 UTC] PHP Warning:  Undefined variable $corso in /home/luca/Desktop/Projects/gestione-prospetti-laurea/snippets/app/public/gestione-prospetti-laurea/views/user.php on line 24
[09-Jan-2026 15:22:28 UTC] PHP Warning:  Attempt to read property "nome" on null in /home/luca/Desktop/Projects/gestione-prospetti-laurea/snippets/app/public/gestione-prospetti-laurea/views/user.php on line 24
[09-Jan-2026 15:22:28 UTC] PHP Warning:  Undefined variable $corso in /home/luca/Desktop/Projects/gestione-prospetti-laurea/snippets/app/public/gestione-prospetti-laurea/views/user.php on line 24
[09-Jan-2026 15:22:28 UTC] PHP Warning:  Attempt to read property "nome-corto" on null in /home/luca/Desktop/Projects/gestione-prospetti-laurea/snippets/app/public/gestione-prospetti-laurea/views/user.php on line 24
[09-Jan-2026 15:28:40 UTC] PHP Warning:  Undefined variable $corso in /home/luca/Desktop/Projects/gestione-prospetti-laurea/snippets/app/public/gestione-prospetti-laurea/classes/repository/Configurazione.php on line 101
[09-Jan-2026 15:28:40 UTC] PHP Warning:  Attempt to read property "nome" on null in /home/luca/Desktop/Projects/gestione-prospetti-laurea/snippets/app/public/gestione-prospetti-laurea/classes/repository/Configurazione.php on line 71
[09-Jan-2026 15:28:40 UTC] PHP Warning:  Attempt to read property "nome-corto" on null in /home/luca/Desktop/Projects/gestione-prospetti-laurea/snippets/app/public/gestione-prospetti-laurea/classes/repository/Configurazione.php on line 71
[09-Jan-2026 15:28:40 UTC] PHP Warning:  Undefined variable $corso in /home/luca/Desktop/Projects/gestione-prospetti-laurea/snippets/app/public/gestione-prospetti-laurea/classes/repository/Configurazione.php on line 101
[09-Jan-2026 15:28:40 UTC] PHP Warning:  Attempt to read property "nome" on null in /home/luca/Desktop/Projects/gestione-prospetti-laurea/snippets/app/public/gestione-prospetti-laurea/classes/repository/Configurazione.php on line 71
[09-Jan-2026 15:28:40 UTC] PHP Warning:  Attempt to read property "nome-corto" on null in /home/luca/Desktop/Projects/gestione-prospetti-laurea/snippets/app/public/gestione-prospetti-laurea/classes/repository/Configurazione.php on line 71
[09-Jan-2026 15:28:40 UTC] PHP Warning:  Undefined variable $corso in /home/luca/Desktop/Projects/gestione-prospetti-laurea/snippets/app/public/gestione-prospetti-laurea/classes/repository/Configurazione.php on line 101
[09-Jan-2026 15:28:40 UTC] PHP Warning:  Attempt to read property "nome" on null in /home/luca/Desktop/Projects/gestione-prospetti-laurea/snippets/app/public/gestione-prospetti-laurea/classes/repository/Configurazione.php on line 71
[09-Jan-2026 15:28:40 UTC] PHP Warning:  Attempt to read property "nome-corto" on null in /home/luca/Desktop/Projects/gestione-prospetti-laurea/snippets/app/public/gestione-prospetti-laurea/classes/repository/Configurazione.php on line 71
[09-Jan-2026 15:33:40 UTC] PHP Warning:  Undefined variable $corsi in /home/luca/Desktop/Projects/gestione-prospetti-laurea/snippets/app/public/gestione-prospetti-laurea/views/user.php on line 22
[09-Jan-2026 15:33:40 UTC] PHP Warning:  foreach() argument must be of type array|object, null given in /home/luca/Desktop/Projects/gestione-prospetti-laurea/snippets/app/public/gestione-prospetti-laurea/views/user.php on line 22
[09-Jan-2026 15:33:57 UTC] PHP Warning:  compact(): Undefined variable $nomi_corsi in /home/luca/Desktop/Projects/gestione-prospetti-laurea/snippets/app/public/gestione-prospetti-laurea/classes/view/PaginaUser.php on line 117
[09-Jan-2026 15:33:57 UTC] PHP Warning:  Undefined variable $corsi in /home/luca/Desktop/Projects/gestione-prospetti-laurea/snippets/app/public/gestione-prospetti-laurea/views/user.php on line 22
[09-Jan-2026 15:33:57 UTC] PHP Warning:  foreach() argument must be of type array|object, null given in /home/luca/Desktop/Projects/gestione-prospetti-laurea/snippets/app/public/gestione-prospetti-laurea/views/user.php on line 22
[09-Jan-2026 15:34:27 UTC] PHP Warning:  Undefined variable $nome in /home/luca/Desktop/Projects/gestione-prospetti-laurea/snippets/app/public/gestione-prospetti-laurea/views/user.php on line 25
[09-Jan-2026 15:34:27 UTC] PHP Warning:  Undefined variable $nome in /home/luca/Desktop/Projects/gestione-prospetti-laurea/snippets/app/public/gestione-prospetti-laurea/views/user.php on line 25
[09-Jan-2026 15:34:27 UTC] PHP Warning:  Undefined variable $nome in /home/luca/Desktop/Projects/gestione-prospetti-laurea/snippets/app/public/gestione-prospetti-laurea/views/user.php on line 25
[09-Jan-2026 17:25:51 UTC] PHP Warning:  Attempt to read property "ID" on null in /home/luca/Desktop/Projects/gestione-prospetti-laurea/snippets/app/public/wp-content/plugins/insert-php-code-snippet/xyz-functions.php on line 135
[10-Jan-2026 15:03:23 UTC] PHP Warning:  Undefined variable $corso in /home/luca/Desktop/Projects/gestione-prospetti-laurea/snippets/app/public/gestione-prospetti-laurea/classes/repository/Configurazione.php on line 38
[10-Jan-2026 15:03:23 UTC] PHP Warning:  Undefined variable $corso in /home/luca/Desktop/Projects/gestione-prospetti-laurea/snippets/app/public/gestione-prospetti-laurea/classes/repository/Configurazione.php on line 38
[10-Jan-2026 15:03:23 UTC] PHP Warning:  Undefined variable $corso in /home/luca/Desktop/Projects/gestione-prospetti-laurea/snippets/app/public/gestione-prospetti-laurea/classes/repository/Configurazione.php on line 38
[10-Jan-2026 15:03:23 UTC] PHP Warning:  Undefined variable $corso in /home/luca/Desktop/Projects/gestione-prospetti-laurea/snippets/app/public/gestione-prospetti-laurea/classes/repository/Configurazione.php on line 38
[10-Jan-2026 15:03:23 UTC] PHP Warning:  Undefined variable $corso in /home/luca/Desktop/Projects/gestione-prospetti-laurea/snippets/app/public/gestione-prospetti-laurea/classes/repository/Configurazione.php on line 38
[10-Jan-2026 15:03:23 UTC] PHP Warning:  Undefined variable $corso in /home/luca/Desktop/Projects/gestione-prospetti-laurea/snippets/app/public/gestione-prospetti-laurea/classes/repository/Configurazione.php on line 38
[10-Jan-2026 15:03:23 UTC] PHP Warning:  Undefined variable $corso in /home/luca/Desktop/Projects/gestione-prospetti-laurea/snippets/app/public/gestione-prospetti-laurea/classes/repository/Configurazione.php on line 38
[10-Jan-2026 15:03:23 UTC] PHP Warning:  Undefined variable $corso in /home/luca/Desktop/Projects/gestione-prospetti-laurea/snippets/app/public/gestione-prospetti-laurea/classes/repository/Configurazione.php on line 38
[10-Jan-2026 15:03:23 UTC] PHP Warning:  Undefined variable $corso in /home/luca/Desktop/Projects/gestione-prospetti-laurea/snippets/app/public/gestione-prospetti-laurea/classes/repository/Configurazione.php on line 38
[10-Jan-2026 15:03:30 UTC] PHP Warning:  Undefined variable $corso in /home/luca/Desktop/Projects/gestione-prospetti-laurea/snippets/app/public/gestione-prospetti-laurea/classes/repository/Configurazione.php on line 38
[10-Jan-2026 15:03:30 UTC] PHP Warning:  Undefined variable $corso in /home/luca/Desktop/Projects/gestione-prospetti-laurea/snippets/app/public/gestione-prospetti-laurea/classes/repository/Configurazione.php on line 38
[10-Jan-2026 15:03:30 UTC] PHP Warning:  Undefined variable $corso in /home/luca/Desktop/Projects/gestione-prospetti-laurea/snippets/app/public/gestione-prospetti-laurea/classes/repository/Configurazione.php on line 38
[10-Jan-2026 15:03:30 UTC] PHP Warning:  Undefined variable $corso in /home/luca/Desktop/Projects/gestione-prospetti-laurea/snippets/app/public/gestione-prospetti-laurea/classes/repository/Configurazione.php on line 38
[10-Jan-2026 15:03:30 UTC] PHP Warning:  Undefined variable $corso in /home/luca/Desktop/Projects/gestione-prospetti-laurea/snippets/app/public/gestione-prospetti-laurea/classes/repository/Configurazione.php on line 38
[10-Jan-2026 15:03:30 UTC] PHP Warning:  Undefined variable $corso in /home/luca/Desktop/Projects/gestione-prospetti-laurea/snippets/app/public/gestione-prospetti-laurea/classes/repository/Configurazione.php on line 38
[10-Jan-2026 15:03:30 UTC] PHP Warning:  Undefined variable $corso in /home/luca/Desktop/Projects/gestione-prospetti-laurea/snippets/app/public/gestione-prospetti-laurea/classes/repository/Configurazione.php on line 38
[10-Jan-2026 15:03:30 UTC] PHP Warning:  Undefined variable $corso in /home/luca/Desktop/Projects/gestione-prospetti-laurea/snippets/app/public/gestione-prospetti-laurea/classes/repository/Configurazione.php on line 38
[10-Jan-2026 15:03:30 UTC] PHP Warning:  Undefined variable $corso in /home/luca/Desktop/Projects/gestione-prospetti-laurea/snippets/app/public/gestione-prospetti-laurea/classes/repository/Configurazione.php on line 38
[10-Jan-2026 15:03:32 UTC] PHP Warning:  Undefined variable $corso in /home/luca/Desktop/Projects/gestione-prospetti-laurea/snippets/app/public/gestione-prospetti-laurea/classes/repository/Configurazione.php on line 38
[10-Jan-2026 15:03:32 UTC] PHP Warning:  Undefined variable $corso in /home/luca/Desktop/Projects/gestione-prospetti-laurea/snippets/app/public/gestione-prospetti-laurea/classes/repository/Configurazione.php on line 38
[10-Jan-2026 15:03:32 UTC] PHP Warning:  Undefined variable $corso in /home/luca/Desktop/Projects/gestione-prospetti-laurea/snippets/app/public/gestione-prospetti-laurea/classes/repository/Configurazione.php on line 38
[10-Jan-2026 15:03:32 UTC] PHP Warning:  Undefined variable $corso in /home/luca/Desktop/Projects/gestione-prospetti-laurea/snippets/app/public/gestione-prospetti-laurea/classes/repository/Configurazione.php on line 38
[10-Jan-2026 15:03:32 UTC] PHP Warning:  Undefined variable $corso in /home/luca/Desktop/Projects/gestione-prospetti-laurea/snippets/app/public/gestione-prospetti-laurea/classes/repository/Configurazione.php on line 38
[10-Jan-2026 15:03:32 UTC] PHP Warning:  Undefined variable $corso in /home/luca/Desktop/Projects/gestione-prospetti-laurea/snippets/app/public/gestione-prospetti-laurea/classes/repository/Configurazione.php on line 38
[10-Jan-2026 15:03:32 UTC] PHP Warning:  Undefined variable $corso in /home/luca/Desktop/Projects/gestione-prospetti-laurea/snippets/app/public/gestione-prospetti-laurea/classes/repository/Configurazione.php on line 38
[10-Jan-2026 15:03:32 UTC] PHP Warning:  Undefined variable $corso in /home/luca/Desktop/Projects/gestione-prospetti-laurea/snippets/app/public/gestione-prospetti-laurea/classes/repository/Configurazione.php on line 38
[10-Jan-2026 15:03:32 UTC] PHP Warning:  Undefined variable $corso in /home/luca/Desktop/Projects/gestione-prospetti-laurea/snippets/app/public/gestione-prospetti-laurea/classes/repository/Configurazione.php on line 38
