[07-Nov-2025 15:50:43] NOTICE: fpm is running, pid 4705
[07-Nov-2025 15:50:43] NOTICE: ready to handle connections
[07-Nov-2025 17:00:51] NOTICE: Terminating ...
[07-Nov-2025 17:00:51] NOTICE: exiting, bye-bye!
[09-Jan-2026 01:56:55] NOTICE: fpm is running, pid 14365
[09-Jan-2026 01:56:55] NOTICE: ready to handle connections
[09-Jan-2026 02:03:12] NOTICE: Terminating ...
[09-Jan-2026 02:03:13] NOTICE: exiting, bye-bye!
[09-Jan-2026 12:17:26] NOTICE: fpm is running, pid 3753
[09-Jan-2026 12:17:26] NOTICE: ready to handle connections
[09-Jan-2026 17:23:25] NOTICE: Terminating ...
[09-Jan-2026 17:23:25] NOTICE: Terminating ...
[09-Jan-2026 17:23:25] NOTICE: exiting, bye-bye!
[09-Jan-2026 18:05:57] NOTICE: fpm is running, pid 27173
[09-Jan-2026 18:05:57] NOTICE: ready to handle connections
[09-Jan-2026 18:40:49] NOTICE: Terminating ...
[09-Jan-2026 18:40:49] NOTICE: Terminating ...
[09-Jan-2026 18:40:49] NOTICE: exiting, bye-bye!
[09-Jan-2026 18:41:48] NOTICE: fpm is running, pid 31622
[09-Jan-2026 18:41:48] NOTICE: ready to handle connections
[09-Jan-2026 18:47:17] NOTICE: Terminating ...
[09-Jan-2026 18:47:17] NOTICE: exiting, bye-bye!
[10-Jan-2026 15:09:28] NOTICE: fpm is running, pid 7846
[10-Jan-2026 15:09:28] NOTICE: ready to handle connections
[10-Jan-2026 20:28:40] NOTICE: Terminating ...
[10-Jan-2026 20:28:40] NOTICE: exiting, bye-bye!
[12-Jan-2026 12:06:34] NOTICE: fpm is running, pid 2292
[12-Jan-2026 12:06:34] NOTICE: ready to handle connections
[12-Jan-2026 12:35:50] NOTICE: Terminating ...
[12-Jan-2026 12:35:50] NOTICE: exiting, bye-bye!
